--
-- Test SELECT ... FULL JOIN
--
-- sqlite3 and mysql don't support FULL JOIN
-- {{if eq Dialect "sqlite3"}}{{Skip}}{{end}}
-- {{if eq Dialect "mysql"}}{{Skip}}{{end}}
DROP TABLE IF EXISTS customers;
CREATE TABLE customers (customer_id int primary key, customer varchar(128));
DROP TABLE IF EXISTS orders;
CREATE TABLE orders (order_id int primary key, customer_id int, price int, item varchar(128));
DROP TABLE IF EXISTS empty_customers;
CREATE TABLE empty_customers (customer_id int primary key, customer varchar(128));
DROP TABLE IF EXISTS empty_orders;
CREATE TABLE empty_orders (order_id int primary key, customer_id int, price int, item varchar(128));
INSERT INTO customers VALUES
    (1, 'Andrew'),
    (2, 'Barry'),
    (3, 'Cindy'),
    (4, 'David'),
    (5, 'Edward'),
    (6, 'Frank'),
    (7, 'Greg'),
    (8, 'Harry');
INSERT INTO orders VALUES
    (1, 1, 10, 'Groceries'),
    (2, 1, 1, 'Candy'),
    (3, 3, 2, 'Snacks'),
    (4, 6, 20, 'Gasoline'),
    (5, 7, 18, 'Gasoline'),
    (6, 9, 3, 'Taxes');
SELECT * FROM customers FULL JOIN orders ON customers.customer_id = orders.customer_id;
    customer_id customer order_id customer_id price      item
    ----------- -------- -------- ----------- -----      ----
  1                             6           9     3     Taxes
  2           1   Andrew        1           1    10 Groceries
  3           1   Andrew        2           1     1     Candy
  4           2    Barry                                     
  5           3    Cindy        3           3     2    Snacks
  6           4    David                                     
  7           5   Edward                                     
  8           6    Frank        4           6    20  Gasoline
  9           7     Greg        5           7    18  Gasoline
 10           8    Harry                                     
(10 rows)
SELECT * FROM customers FULL JOIN empty_orders
    ON customers.customer_id = empty_orders.customer_id;
   customer_id customer order_id customer_id price item
   ----------- -------- -------- ----------- ----- ----
 1           1   Andrew                                
 2           2    Barry                                
 3           3    Cindy                                
 4           4    David                                
 5           5   Edward                                
 6           6    Frank                                
 7           7     Greg                                
 8           8    Harry                                
(8 rows)
SELECT * FROM empty_customers FULL JOIN orders
    ON empty_customers.customer_id = orders.customer_id;
   customer_id customer order_id customer_id price      item
   ----------- -------- -------- ----------- -----      ----
 1                             1           1    10 Groceries
 2                             2           1     1     Candy
 3                             3           3     2    Snacks
 4                             4           6    20  Gasoline
 5                             5           7    18  Gasoline
 6                             6           9     3     Taxes
(6 rows)
SELECT * FROM empty_customers FULL JOIN empty_orders
    ON empty_customers.customer_id = empty_orders.customer_id;
  customer_id customer order_id customer_id price item
  ----------- -------- -------- ----------- ----- ----
(no rows)
