--
-- Test SELECT ... w/ aggregate functions
--
-- {{if eq Dialect "sqlite3"}}{{Skip}}{{end}}
DROP TABLE IF EXISTS tbl1;
CREATE TABLE tbl1 (c1 int, c2 int, c3 int);
INSERT INTO tbl1 VALUES
    (0, 1, 2),
    (0, 4, 5),
    (0, 7, 8),
    (1, 10, 11),
    (1, 13, 14),
    (2, 16, 17),
    (2, 19, 20),
    (2, 22, 23),
    (2, 25, 26),
    (3, 28, 29),
    (4, 31, 32);
SELECT count(*) AS count FROM tbl1;
   count
   -----
 1    11
(1 row)
SELECT count(*) AS count FROM tbl1 WHERE c1 = 5;
   count
   -----
 1     0
(1 row)
SELECT count(c1) FROM tbl1;
   count
   -----
 1    11
(1 row)
SELECT count(c1) FROM tbl1 WHERE c1 = 5;
   count
   -----
 1     0
(1 row)
SELECT sum(c1) FROM tbl1 GROUP BY c1;
   sum
   ---
 1   0
 2   2
 3   3
 4   4
 5   8
(5 rows)
SELECT sum(c1) FROM tbl1 WHERE c1 = 5;
   sum
   ---
 1    
(1 row)
SELECT sum(c1) FROM tbl1 WHERE c1 = 5 GROUP BY c1;
  sum
  ---
(no rows)
SELECT max(c2), min(c3) FROM tbl1;
   max min
   --- ---
 1  31   2
(1 row)
SELECT max(c2), min(c3) FROM tbl1 WHERE c1 = 5;
   max min
   --- ---
 1        
(1 row)
SELECT max(c2), min(c3) FROM tbl1 GROUP BY c1;
   max min
   --- ---
 1  13  11
 2  25  17
 3  28  29
 4  31  32
 5   7   2
(5 rows)
SELECT max(c2), min(c3) FROM tbl1 WHERE c1 = 5 GROUP BY c1;
  max min
  --- ---
(no rows)
