--
-- Test SELECT ... ORDER BY
--
-- {{Sort .Global false}}
DROP TABLE IF EXISTS tbl1;
CREATE TABLE tbl1 (c1 int primary key, c2 int, c3 int, c4 int);
INSERT INTO tbl1 VALUES
    (3, 34, 5, 10),
    (6, 27, 8, 9),
    (27, 4, 29, 0),
    (12, 20, 14, 9),
    (15, 16, 17, 12),
    (18, 13, 20, 43),
    (9, 25, 11, 5),
    (21, 10, 23, 9),
    (24, 7, 26, 53),
    (30, 1, 32, 1),
    (0, 41, 2, 0);
-- {{Sort .Test true}}
SELECT * FROM tbl1;
    c1 c2 c3 c4
    -- -- -- --
  1  0 41  2  0
  2 12 20 14  9
  3 15 16 17 12
  4 18 13 20 43
  5 21 10 23  9
  6 24  7 26 53
  7 27  4 29  0
  8  3 34  5 10
  9 30  1 32  1
 10  6 27  8  9
 11  9 25 11  5
(11 rows)
SELECT * FROM tbl1 ORDER BY c1;
    c1 c2 c3 c4
    -- -- -- --
  1  0 41  2  0
  2  3 34  5 10
  3  6 27  8  9
  4  9 25 11  5
  5 12 20 14  9
  6 15 16 17 12
  7 18 13 20 43
  8 21 10 23  9
  9 24  7 26 53
 10 27  4 29  0
 11 30  1 32  1
(11 rows)
SELECT * FROM tbl1 ORDER by c2 ASC;
    c1 c2 c3 c4
    -- -- -- --
  1 30  1 32  1
  2 27  4 29  0
  3 24  7 26 53
  4 21 10 23  9
  5 18 13 20 43
  6 15 16 17 12
  7 12 20 14  9
  8  9 25 11  5
  9  6 27  8  9
 10  3 34  5 10
 11  0 41  2  0
(11 rows)
SELECT c2 FROM tbl1 ORDER BY c1;
    c2
    --
  1 41
  2 34
  3 27
  4 25
  5 20
  6 16
  7 13
  8 10
  9  7
 10  4
 11  1
(11 rows)
SELECT * FROM tbl1 ORDER by c2 DESC;
    c1 c2 c3 c4
    -- -- -- --
  1  0 41  2  0
  2  3 34  5 10
  3  6 27  8  9
  4  9 25 11  5
  5 12 20 14  9
  6 15 16 17 12
  7 18 13 20 43
  8 21 10 23  9
  9 24  7 26 53
 10 27  4 29  0
 11 30  1 32  1
(11 rows)
SELECT c2 FROM tbl1 ORDER BY c1 DESC;
    c2
    --
  1  1
  2  4
  3  7
  4 10
  5 13
  6 16
  7 20
  8 25
  9 27
 10 34
 11 41
(11 rows)
SELECT * FROM tbl1 ORDER by c4, c1;
    c1 c2 c3 c4
    -- -- -- --
  1  0 41  2  0
  2 27  4 29  0
  3 30  1 32  1
  4  9 25 11  5
  5  6 27  8  9
  6 12 20 14  9
  7 21 10 23  9
  8  3 34  5 10
  9 15 16 17 12
 10 18 13 20 43
 11 24  7 26 53
(11 rows)
SELECT c2, c3 FROM tbl1 ORDER by c4, c1 DESC;
    c2 c3
    -- --
  1  4 29
  2 41  2
  3  1 32
  4 25 11
  5 10 23
  6 20 14
  7 27  8
  8 34  5
  9 16 17
 10 13 20
 11  7 26
(11 rows)
