--
-- A simple test to start with.
--
DROP TABLE IF EXISTS tbl
CREATE TABLE tbl (c1 INTEGER, c2 INTEGER, c3 INTEGER)
INSERT INTO tbl VALUES
    (1, 2, 3),
    (7, 8, 9),
    (4, 5, 6)
SELECT * FROM tbl
   c1 c2 c3
   -- -- --
 1  1  2  3
 2  4  5  6
 3  7  8  9
(3 rows)
