--
-- Test VALUES
--
-- {{if eq Dialect "sqlite3"}}{{Skip}}{{end}}
VALUES (1, 2, 3), (4, NULL, 5);
   column1 column2 column3
   ------- ------- -------
 1       1       2       3
 2       4               5
(2 rows)
VALUES (1.2, 3), (4, 5.6);
   column1 column2
   ------- -------
 1     1.2       3
 2       4     5.6
(2 rows)
{{Fail .Test}}
VALUES (1, 2), ('three', 4);
{{Fail .Test}}
VALUES ('one', 2), (3, 4);
{{Fail .Test}}
VALUES (1, 'two'), (3, 4);
{{Fail .Test}}
VALUES (1, 2), (3, 'four');
